// Validating benchmarks:
// ***** BenchmarkRunner: Start   *****
// ***** Found 5 benchmark(s) in total *****
// ***** Building 1 exe(s) in Parallel: Start   *****
// start dotnet  restore --nodeReuse:false /p:UseSharedCompilation=false /p:Deterministic=true /p:Optimize=true /p:ArtifactsPath="C:\OpenSource\Emissary\benchmarks\Emissary.Benchmarks\bin\Release\net10.0\Emissary.Benchmarks-ShortRun-1/" /p:OutDir="C:\OpenSource\Emissary\benchmarks\Emissary.Benchmarks\bin\Release\net10.0\Emissary.Benchmarks-ShortRun-1\bin\Release\net10.0/" /p:OutputPath="C:\OpenSource\Emissary\benchmarks\Emissary.Benchmarks\bin\Release\net10.0\Emissary.Benchmarks-ShortRun-1\bin\Release\net10.0/" /p:PublishDir="C:\OpenSource\Emissary\benchmarks\Emissary.Benchmarks\bin\Release\net10.0\Emissary.Benchmarks-ShortRun-1\publish/" in C:\OpenSource\Emissary\benchmarks\Emissary.Benchmarks\bin\Release\net10.0\Emissary.Benchmarks-ShortRun-1
// command took 1.8 sec and exited with 0
// start dotnet  build -c Release --no-restore --nodeReuse:false /p:UseSharedCompilation=false /p:Deterministic=true /p:Optimize=true /p:ArtifactsPath="C:\OpenSource\Emissary\benchmarks\Emissary.Benchmarks\bin\Release\net10.0\Emissary.Benchmarks-ShortRun-1/" /p:OutDir="C:\OpenSource\Emissary\benchmarks\Emissary.Benchmarks\bin\Release\net10.0\Emissary.Benchmarks-ShortRun-1\bin\Release\net10.0/" /p:OutputPath="C:\OpenSource\Emissary\benchmarks\Emissary.Benchmarks\bin\Release\net10.0\Emissary.Benchmarks-ShortRun-1\bin\Release\net10.0/" /p:PublishDir="C:\OpenSource\Emissary\benchmarks\Emissary.Benchmarks\bin\Release\net10.0\Emissary.Benchmarks-ShortRun-1\publish/" --output "C:\OpenSource\Emissary\benchmarks\Emissary.Benchmarks\bin\Release\net10.0\Emissary.Benchmarks-ShortRun-1\bin\Release\net10.0/" in C:\OpenSource\Emissary\benchmarks\Emissary.Benchmarks\bin\Release\net10.0\Emissary.Benchmarks-ShortRun-1
// command took 10.87 sec and exited with 0
// ***** Done, took 00:00:12 (12.75 sec)   *****
// Found 2 benchmarks:
//   ToolDispatchBenchmarks.DispatchTool: ShortRun(IterationCount=3, LaunchCount=1, WarmupCount=3)
//   ToolDispatchBenchmarks.SchemaAccess: ShortRun(IterationCount=3, LaunchCount=1, WarmupCount=3)

Setup power plan (GUID: 8c5e7fda-e8bf-4a96-9a85-a6e23a8c635c FriendlyName: High performance)
// **************************
// Benchmark: ToolDispatchBenchmarks.DispatchTool: ShortRun(IterationCount=3, LaunchCount=1, WarmupCount=3)
// *** Execute ***
// Launch: 1 / 1
// Execute: dotnet Emissary.Benchmarks-ShortRun-1.dll --anonymousPipes 2376 2380 --benchmarkName Emissary.Benchmarks.ToolDispatchBenchmarks.DispatchTool --job ShortRun --benchmarkId 0 in C:\OpenSource\Emissary\benchmarks\Emissary.Benchmarks\bin\Release\net10.0\Emissary.Benchmarks-ShortRun-1\bin\Release\net10.0
// BeforeAnythingElse

// Benchmark Process Environment Information:
// BenchmarkDotNet v0.15.8
// Runtime=.NET 10.0.11 (10.0.11, 10.0.1126.37416), X64 RyuJIT x86-64-v3
// GC=Concurrent Workstation
// HardwareIntrinsics=AVX2+BMI1+BMI2+F16C+FMA+LZCNT+MOVBE,AVX,SSE3+SSSE3+SSE4.1+SSE4.2+POPCNT,X86Base+SSE+SSE2,AES+PCLMUL,AvxVnni,SERIALIZE VectorSize=256
// Job: ShortRun(IterationCount=3, LaunchCount=1, WarmupCount=3)

OverheadJitting  1: 1 op, 169700.00 ns, 169.7000 us/op
WorkloadJitting  1: 1 op, 4943200.00 ns, 4.9432 ms/op

OverheadJitting  2: 16 op, 357400.00 ns, 22.3375 us/op
WorkloadJitting  2: 16 op, 394800.00 ns, 24.6750 us/op

WorkloadPilot    1: 16 op, 31300.00 ns, 1.9563 us/op
WorkloadPilot    2: 32 op, 54400.00 ns, 1.7000 us/op
WorkloadPilot    3: 64 op, 111900.00 ns, 1.7484 us/op
WorkloadPilot    4: 128 op, 211700.00 ns, 1.6539 us/op
WorkloadPilot    5: 256 op, 414100.00 ns, 1.6176 us/op
WorkloadPilot    6: 512 op, 819200.00 ns, 1.6000 us/op
WorkloadPilot    7: 1024 op, 1651500.00 ns, 1.6128 us/op
WorkloadPilot    8: 2048 op, 3195600.00 ns, 1.5604 us/op
WorkloadPilot    9: 4096 op, 6444800.00 ns, 1.5734 us/op
WorkloadPilot   10: 8192 op, 12767600.00 ns, 1.5585 us/op
WorkloadPilot   11: 16384 op, 26426400.00 ns, 1.6129 us/op
WorkloadPilot   12: 32768 op, 55074900.00 ns, 1.6808 us/op
WorkloadPilot   13: 65536 op, 57767800.00 ns, 881.4667 ns/op
WorkloadPilot   14: 131072 op, 67997500.00 ns, 518.7798 ns/op
WorkloadPilot   15: 262144 op, 140274300.00 ns, 535.1040 ns/op
WorkloadPilot   16: 524288 op, 122737600.00 ns, 234.1034 ns/op
WorkloadPilot   17: 1048576 op, 154521900.00 ns, 147.3636 ns/op
WorkloadPilot   18: 2097152 op, 310106300.00 ns, 147.8702 ns/op
WorkloadPilot   19: 4194304 op, 637611100.00 ns, 152.0183 ns/op

OverheadWarmup   1: 4194304 op, 16205400.00 ns, 3.8637 ns/op
OverheadWarmup   2: 4194304 op, 15974300.00 ns, 3.8086 ns/op
OverheadWarmup   3: 4194304 op, 16049800.00 ns, 3.8266 ns/op
OverheadWarmup   4: 4194304 op, 16263900.00 ns, 3.8776 ns/op
OverheadWarmup   5: 4194304 op, 16093600.00 ns, 3.8370 ns/op
OverheadWarmup   6: 4194304 op, 16190500.00 ns, 3.8601 ns/op
OverheadWarmup   7: 4194304 op, 16188700.00 ns, 3.8597 ns/op

OverheadActual   1: 4194304 op, 16142100.00 ns, 3.8486 ns/op
OverheadActual   2: 4194304 op, 16308500.00 ns, 3.8882 ns/op
OverheadActual   3: 4194304 op, 15950000.00 ns, 3.8028 ns/op
OverheadActual   4: 4194304 op, 15990800.00 ns, 3.8125 ns/op
OverheadActual   5: 4194304 op, 15987400.00 ns, 3.8117 ns/op
OverheadActual   6: 4194304 op, 16023200.00 ns, 3.8202 ns/op
OverheadActual   7: 4194304 op, 16101100.00 ns, 3.8388 ns/op
OverheadActual   8: 4194304 op, 16088600.00 ns, 3.8358 ns/op
OverheadActual   9: 4194304 op, 16183500.00 ns, 3.8584 ns/op
OverheadActual  10: 4194304 op, 16364900.00 ns, 3.9017 ns/op
OverheadActual  11: 4194304 op, 16813300.00 ns, 4.0086 ns/op
OverheadActual  12: 4194304 op, 17191400.00 ns, 4.0987 ns/op
OverheadActual  13: 4194304 op, 14043400.00 ns, 3.3482 ns/op
OverheadActual  14: 4194304 op, 13567400.00 ns, 3.2347 ns/op
OverheadActual  15: 4194304 op, 14312700.00 ns, 3.4124 ns/op
OverheadActual  16: 4194304 op, 14422900.00 ns, 3.4387 ns/op
OverheadActual  17: 4194304 op, 14099300.00 ns, 3.3615 ns/op
OverheadActual  18: 4194304 op, 13750800.00 ns, 3.2784 ns/op
OverheadActual  19: 4194304 op, 13899300.00 ns, 3.3139 ns/op
OverheadActual  20: 4194304 op, 13980900.00 ns, 3.3333 ns/op

WorkloadWarmup   1: 4194304 op, 659494200.00 ns, 157.2357 ns/op
WorkloadWarmup   2: 4194304 op, 666492300.00 ns, 158.9041 ns/op
WorkloadWarmup   3: 4194304 op, 629054900.00 ns, 149.9784 ns/op

// BeforeActualRun
WorkloadActual   1: 4194304 op, 690638300.00 ns, 164.6610 ns/op
WorkloadActual   2: 4194304 op, 648791200.00 ns, 154.6839 ns/op
WorkloadActual   3: 4194304 op, 639610800.00 ns, 152.4951 ns/op

// AfterActualRun
WorkloadResult   1: 4194304 op, 674649200.00 ns, 160.8489 ns/op
WorkloadResult   2: 4194304 op, 632802100.00 ns, 150.8718 ns/op
WorkloadResult   3: 4194304 op, 623621700.00 ns, 148.6830 ns/op
// GC:  37 0 0 469762048 4194304
// Threading:  0 0 4194304

// AfterAll
// Benchmark Process 28064 has exited with code 0.

Mean = 153.468 ns, StdErr = 3.744 ns (2.44%), N = 3, StdDev = 6.485 ns
Min = 148.683 ns, Q1 = 149.777 ns, Median = 150.872 ns, Q3 = 155.860 ns, Max = 160.849 ns
IQR = 6.083 ns, LowerFence = 140.653 ns, UpperFence = 164.985 ns
ConfidenceInterval = [35.155 ns; 271.781 ns] (CI 99.9%), Margin = 118.313 ns (77.09% of Mean)
Skewness = 0.34, Kurtosis = 0.67, MValue = 2

// ** Remained 4 (80.0%) benchmark(s) to run. Estimated finish 2026-08-22 10:19 (0h 0m from now) **
Setup power plan (GUID: 8c5e7fda-e8bf-4a96-9a85-a6e23a8c635c FriendlyName: High performance)
// **************************
// Benchmark: ToolDispatchBenchmarks.SchemaAccess: ShortRun(IterationCount=3, LaunchCount=1, WarmupCount=3)
// *** Execute ***
// Launch: 1 / 1
// Execute: dotnet Emissary.Benchmarks-ShortRun-1.dll --anonymousPipes 2340 2344 --benchmarkName Emissary.Benchmarks.ToolDispatchBenchmarks.SchemaAccess --job ShortRun --benchmarkId 1 in C:\OpenSource\Emissary\benchmarks\Emissary.Benchmarks\bin\Release\net10.0\Emissary.Benchmarks-ShortRun-1\bin\Release\net10.0
// BeforeAnythingElse

// Benchmark Process Environment Information:
// BenchmarkDotNet v0.15.8
// Runtime=.NET 10.0.11 (10.0.11, 10.0.1126.37416), X64 RyuJIT x86-64-v3
// GC=Concurrent Workstation
// HardwareIntrinsics=AVX2+BMI1+BMI2+F16C+FMA+LZCNT+MOVBE,AVX,SSE3+SSSE3+SSE4.1+SSE4.2+POPCNT,X86Base+SSE+SSE2,AES+PCLMUL,AvxVnni,SERIALIZE VectorSize=256
// Job: ShortRun(IterationCount=3, LaunchCount=1, WarmupCount=3)

OverheadJitting  1: 1 op, 196700.00 ns, 196.7000 us/op
WorkloadJitting  1: 1 op, 4295100.00 ns, 4.2951 ms/op

OverheadJitting  2: 16 op, 374500.00 ns, 23.4063 us/op
WorkloadJitting  2: 16 op, 389400.00 ns, 24.3375 us/op

WorkloadPilot    1: 16 op, 900.00 ns, 56.2500 ns/op
WorkloadPilot    2: 32 op, 800.00 ns, 25.0000 ns/op
WorkloadPilot    3: 64 op, 1000.00 ns, 15.6250 ns/op
WorkloadPilot    4: 128 op, 1500.00 ns, 11.7188 ns/op
WorkloadPilot    5: 256 op, 2200.00 ns, 8.5938 ns/op
WorkloadPilot    6: 512 op, 4100.00 ns, 8.0078 ns/op
WorkloadPilot    7: 1024 op, 8600.00 ns, 8.3984 ns/op
WorkloadPilot    8: 2048 op, 14900.00 ns, 7.2754 ns/op
WorkloadPilot    9: 4096 op, 30400.00 ns, 7.4219 ns/op
WorkloadPilot   10: 8192 op, 58900.00 ns, 7.1899 ns/op
WorkloadPilot   11: 16384 op, 114800.00 ns, 7.0068 ns/op
WorkloadPilot   12: 32768 op, 242000.00 ns, 7.3853 ns/op
WorkloadPilot   13: 65536 op, 468300.00 ns, 7.1457 ns/op
WorkloadPilot   14: 131072 op, 906100.00 ns, 6.9130 ns/op
WorkloadPilot   15: 262144 op, 1772400.00 ns, 6.7612 ns/op
WorkloadPilot   16: 524288 op, 3677100.00 ns, 7.0135 ns/op
WorkloadPilot   17: 1048576 op, 7112500.00 ns, 6.7830 ns/op
WorkloadPilot   18: 2097152 op, 14979300.00 ns, 7.1427 ns/op
WorkloadPilot   19: 4194304 op, 29390800.00 ns, 7.0073 ns/op
WorkloadPilot   20: 8388608 op, 55759900.00 ns, 6.6471 ns/op
WorkloadPilot   21: 16777216 op, 63920900.00 ns, 3.8100 ns/op
WorkloadPilot   22: 33554432 op, 124930300.00 ns, 3.7232 ns/op
WorkloadPilot   23: 67108864 op, 239944400.00 ns, 3.5755 ns/op
WorkloadPilot   24: 134217728 op, 477746700.00 ns, 3.5595 ns/op
WorkloadPilot   25: 268435456 op, 988408900.00 ns, 3.6821 ns/op

OverheadWarmup   1: 268435456 op, 882199900.00 ns, 3.2865 ns/op
OverheadWarmup   2: 268435456 op, 841119900.00 ns, 3.1334 ns/op
OverheadWarmup   3: 268435456 op, 841518300.00 ns, 3.1349 ns/op
OverheadWarmup   4: 268435456 op, 844119000.00 ns, 3.1446 ns/op
OverheadWarmup   5: 268435456 op, 863423700.00 ns, 3.2165 ns/op
OverheadWarmup   6: 268435456 op, 839984100.00 ns, 3.1292 ns/op
OverheadWarmup   7: 268435456 op, 868973900.00 ns, 3.2372 ns/op
OverheadWarmup   8: 268435456 op, 866284900.00 ns, 3.2272 ns/op

OverheadActual   1: 268435456 op, 856495300.00 ns, 3.1907 ns/op
OverheadActual   2: 268435456 op, 842948300.00 ns, 3.1402 ns/op
OverheadActual   3: 268435456 op, 850299200.00 ns, 3.1676 ns/op
OverheadActual   4: 268435456 op, 898632300.00 ns, 3.3477 ns/op
OverheadActual   5: 268435456 op, 862268600.00 ns, 3.2122 ns/op
OverheadActual   6: 268435456 op, 847692700.00 ns, 3.1579 ns/op
OverheadActual   7: 268435456 op, 849675600.00 ns, 3.1653 ns/op
OverheadActual   8: 268435456 op, 833932000.00 ns, 3.1066 ns/op
OverheadActual   9: 268435456 op, 828447000.00 ns, 3.0862 ns/op
OverheadActual  10: 268435456 op, 838942900.00 ns, 3.1253 ns/op
OverheadActual  11: 268435456 op, 844541500.00 ns, 3.1462 ns/op
OverheadActual  12: 268435456 op, 851150500.00 ns, 3.1708 ns/op
OverheadActual  13: 268435456 op, 866705700.00 ns, 3.2287 ns/op
OverheadActual  14: 268435456 op, 858117300.00 ns, 3.1967 ns/op
OverheadActual  15: 268435456 op, 845007700.00 ns, 3.1479 ns/op

WorkloadWarmup   1: 268435456 op, 964951300.00 ns, 3.5947 ns/op
WorkloadWarmup   2: 268435456 op, 950078300.00 ns, 3.5393 ns/op
WorkloadWarmup   3: 268435456 op, 953697100.00 ns, 3.5528 ns/op

// BeforeActualRun
WorkloadActual   1: 268435456 op, 948812500.00 ns, 3.5346 ns/op
WorkloadActual   2: 268435456 op, 949191700.00 ns, 3.5360 ns/op
WorkloadActual   3: 268435456 op, 967117600.00 ns, 3.6028 ns/op

// AfterActualRun
WorkloadResult   1: 268435456 op, 99136900.00 ns, 0.3693 ns/op
WorkloadResult   2: 268435456 op, 99516100.00 ns, 0.3707 ns/op
WorkloadResult   3: 268435456 op, 117442000.00 ns, 0.4375 ns/op
// GC:  0 0 0 0 268435456
// Threading:  0 0 268435456

// AfterAll
// Benchmark Process 31044 has exited with code 0.

Mean = 0.393 ns, StdErr = 0.022 ns (5.73%), N = 3, StdDev = 0.039 ns
Min = 0.369 ns, Q1 = 0.370 ns, Median = 0.371 ns, Q3 = 0.404 ns, Max = 0.438 ns
IQR = 0.034 ns, LowerFence = 0.319 ns, UpperFence = 0.455 ns
ConfidenceInterval = [-0.318 ns; 1.103 ns] (CI 99.9%), Margin = 0.711 ns (181.12% of Mean)
Skewness = 0.38, Kurtosis = 0.67, MValue = 2

// ** Remained 3 (60.0%) benchmark(s) to run. Estimated finish 2026-08-22 10:20 (0h 0m from now) **
Successfully reverted power plan (GUID: 8c5e7fda-e8bf-4a96-9a85-a6e23a8c635c FriendlyName: High performance)
// ***** BenchmarkRunner: Finish  *****

// * Export *
  BenchmarkDotNet.Artifacts\results\Emissary.Benchmarks.ToolDispatchBenchmarks-report.csv
  BenchmarkDotNet.Artifacts\results\Emissary.Benchmarks.ToolDispatchBenchmarks-report-github.md
  BenchmarkDotNet.Artifacts\results\Emissary.Benchmarks.ToolDispatchBenchmarks-report.html

// * Detailed results *
ToolDispatchBenchmarks.DispatchTool: ShortRun(IterationCount=3, LaunchCount=1, WarmupCount=3)
Runtime = .NET 10.0.11 (10.0.11, 10.0.1126.37416), X64 RyuJIT x86-64-v3; GC = Concurrent Workstation
Mean = 153.468 ns, StdErr = 3.744 ns (2.44%), N = 3, StdDev = 6.485 ns
Min = 148.683 ns, Q1 = 149.777 ns, Median = 150.872 ns, Q3 = 155.860 ns, Max = 160.849 ns
IQR = 6.083 ns, LowerFence = 140.653 ns, UpperFence = 164.985 ns
ConfidenceInterval = [35.155 ns; 271.781 ns] (CI 99.9%), Margin = 118.313 ns (77.09% of Mean)
Skewness = 0.34, Kurtosis = 0.67, MValue = 2
-------------------- Histogram --------------------
[142.781 ns ; 155.679 ns) | @@
[155.679 ns ; 166.751 ns) | @
---------------------------------------------------

ToolDispatchBenchmarks.SchemaAccess: ShortRun(IterationCount=3, LaunchCount=1, WarmupCount=3)
Runtime = .NET 10.0.11 (10.0.11, 10.0.1126.37416), X64 RyuJIT x86-64-v3; GC = Concurrent Workstation
Mean = 0.393 ns, StdErr = 0.022 ns (5.73%), N = 3, StdDev = 0.039 ns
Min = 0.369 ns, Q1 = 0.370 ns, Median = 0.371 ns, Q3 = 0.404 ns, Max = 0.438 ns
IQR = 0.034 ns, LowerFence = 0.319 ns, UpperFence = 0.455 ns
ConfidenceInterval = [-0.318 ns; 1.103 ns] (CI 99.9%), Margin = 0.711 ns (181.12% of Mean)
Skewness = 0.38, Kurtosis = 0.67, MValue = 2
-------------------- Histogram --------------------
[0.368 ns ; 0.439 ns) | @@@
---------------------------------------------------

// * Summary *

BenchmarkDotNet v0.15.8, Windows 11 (10.0.26200.9168/25H2/2025Update/HudsonValley2)
12th Gen Intel Core i7-12800H 2.40GHz, 1 CPU, 20 logical and 14 physical cores
.NET SDK 10.0.400
  [Host]   : .NET 10.0.11 (10.0.11, 10.0.1126.37416), X64 RyuJIT x86-64-v3
  ShortRun : .NET 10.0.11 (10.0.11, 10.0.1126.37416), X64 RyuJIT x86-64-v3

Job=ShortRun  IterationCount=3  LaunchCount=1  
WarmupCount=3  

| Method       | Mean        | Error       | StdDev    | Gen0   | Allocated |
|------------- |------------:|------------:|----------:|-------:|----------:|
| DispatchTool | 153.4679 ns | 118.3133 ns | 6.4851 ns | 0.0088 |     112 B |
| SchemaAccess |   0.3925 ns |   0.7109 ns | 0.0390 ns |      - |         - |

// * Warnings *
ZeroMeasurement
  ToolDispatchBenchmarks.SchemaAccess: ShortRun -> The method duration is indistinguishable from the empty method duration

// * Legends *
  Mean      : Arithmetic mean of all measurements
  Error     : Half of 99.9% confidence interval
  StdDev    : Standard deviation of all measurements
  Gen0      : GC Generation 0 collects per 1000 operations
  Allocated : Allocated memory per single operation (managed only, inclusive, 1KB = 1024B)
  1 ns      : 1 Nanosecond (0.000000001 sec)

// * Diagnostic Output - MemoryDiagnoser *


// ***** BenchmarkRunner: End *****
Run time: 00:00:36 (36.28 sec), executed benchmarks: 2

// Found 3 benchmarks:
//   TrajectoryBenchmarks.ReplayToolLoopRun: ShortRun(IterationCount=3, LaunchCount=1, WarmupCount=3)
//   TrajectoryBenchmarks.SerializeRoundTrip: ShortRun(IterationCount=3, LaunchCount=1, WarmupCount=3)
//   TrajectoryBenchmarks.Deserialize: ShortRun(IterationCount=3, LaunchCount=1, WarmupCount=3)

Setup power plan (GUID: 8c5e7fda-e8bf-4a96-9a85-a6e23a8c635c FriendlyName: High performance)
// **************************
// Benchmark: TrajectoryBenchmarks.ReplayToolLoopRun: ShortRun(IterationCount=3, LaunchCount=1, WarmupCount=3)
// *** Execute ***
// Launch: 1 / 1
// Execute: dotnet Emissary.Benchmarks-ShortRun-1.dll --anonymousPipes 1252 2256 --benchmarkName Emissary.Benchmarks.TrajectoryBenchmarks.ReplayToolLoopRun --job ShortRun --benchmarkId 2 in C:\OpenSource\Emissary\benchmarks\Emissary.Benchmarks\bin\Release\net10.0\Emissary.Benchmarks-ShortRun-1\bin\Release\net10.0
// BeforeAnythingElse

// Benchmark Process Environment Information:
// BenchmarkDotNet v0.15.8
// Runtime=.NET 10.0.11 (10.0.11, 10.0.1126.37416), X64 RyuJIT x86-64-v3
// GC=Concurrent Workstation
// HardwareIntrinsics=AVX2+BMI1+BMI2+F16C+FMA+LZCNT+MOVBE,AVX,SSE3+SSSE3+SSE4.1+SSE4.2+POPCNT,X86Base+SSE+SSE2,AES+PCLMUL,AvxVnni,SERIALIZE VectorSize=256
// Job: ShortRun(IterationCount=3, LaunchCount=1, WarmupCount=3)

OverheadJitting  1: 1 op, 154500.00 ns, 154.5000 us/op
WorkloadJitting  1: 1 op, 2363700.00 ns, 2.3637 ms/op

OverheadJitting  2: 16 op, 332200.00 ns, 20.7625 us/op
WorkloadJitting  2: 16 op, 1407900.00 ns, 87.9938 us/op

WorkloadPilot    1: 16 op, 734400.00 ns, 45.9000 us/op
WorkloadPilot    2: 32 op, 838800.00 ns, 26.2125 us/op
WorkloadPilot    3: 64 op, 1860400.00 ns, 29.0688 us/op
WorkloadPilot    4: 128 op, 2855900.00 ns, 22.3117 us/op
WorkloadPilot    5: 256 op, 6064000.00 ns, 23.6875 us/op
WorkloadPilot    6: 512 op, 10528300.00 ns, 20.5631 us/op
WorkloadPilot    7: 1024 op, 18556100.00 ns, 18.1212 us/op
WorkloadPilot    8: 2048 op, 31103500.00 ns, 15.1873 us/op
WorkloadPilot    9: 4096 op, 47249300.00 ns, 11.5355 us/op
WorkloadPilot   10: 8192 op, 112118200.00 ns, 13.6863 us/op
WorkloadPilot   11: 16384 op, 225105800.00 ns, 13.7394 us/op
WorkloadPilot   12: 32768 op, 397446800.00 ns, 12.1291 us/op
WorkloadPilot   13: 65536 op, 471457200.00 ns, 7.1939 us/op
WorkloadPilot   14: 131072 op, 546198200.00 ns, 4.1672 us/op

OverheadWarmup   1: 131072 op, 510000.00 ns, 3.8910 ns/op
OverheadWarmup   2: 131072 op, 514900.00 ns, 3.9284 ns/op
OverheadWarmup   3: 131072 op, 500100.00 ns, 3.8155 ns/op
OverheadWarmup   4: 131072 op, 506300.00 ns, 3.8628 ns/op
OverheadWarmup   5: 131072 op, 502100.00 ns, 3.8307 ns/op

OverheadActual   1: 131072 op, 513100.00 ns, 3.9146 ns/op
OverheadActual   2: 131072 op, 513000.00 ns, 3.9139 ns/op
OverheadActual   3: 131072 op, 510500.00 ns, 3.8948 ns/op
OverheadActual   4: 131072 op, 493400.00 ns, 3.7643 ns/op
OverheadActual   5: 131072 op, 522200.00 ns, 3.9841 ns/op
OverheadActual   6: 131072 op, 515700.00 ns, 3.9345 ns/op
OverheadActual   7: 131072 op, 510200.00 ns, 3.8925 ns/op
OverheadActual   8: 131072 op, 517800.00 ns, 3.9505 ns/op
OverheadActual   9: 131072 op, 515500.00 ns, 3.9330 ns/op
OverheadActual  10: 131072 op, 522300.00 ns, 3.9848 ns/op
OverheadActual  11: 131072 op, 517900.00 ns, 3.9513 ns/op
OverheadActual  12: 131072 op, 505300.00 ns, 3.8551 ns/op
OverheadActual  13: 131072 op, 514300.00 ns, 3.9238 ns/op
OverheadActual  14: 131072 op, 505600.00 ns, 3.8574 ns/op
OverheadActual  15: 131072 op, 508500.00 ns, 3.8795 ns/op

WorkloadWarmup   1: 131072 op, 492213500.00 ns, 3.7553 us/op
WorkloadWarmup   2: 131072 op, 535456400.00 ns, 4.0852 us/op
WorkloadWarmup   3: 131072 op, 584294100.00 ns, 4.4578 us/op

// BeforeActualRun
WorkloadActual   1: 131072 op, 534185200.00 ns, 4.0755 us/op
WorkloadActual   2: 131072 op, 560390800.00 ns, 4.2754 us/op
WorkloadActual   3: 131072 op, 560645300.00 ns, 4.2774 us/op

// AfterActualRun
WorkloadResult   1: 131072 op, 533672100.00 ns, 4.0716 us/op
WorkloadResult   2: 131072 op, 559877700.00 ns, 4.2715 us/op
WorkloadResult   3: 131072 op, 560132200.00 ns, 4.2735 us/op
// GC:  58 0 0 727751728 131072
// Threading:  267582 3 131072

// AfterAll
// Benchmark Process 23104 has exited with code 0.

Mean = 4.206 μs, StdErr = 0.067 μs (1.59%), N = 3, StdDev = 0.116 μs
Min = 4.072 μs, Q1 = 4.172 μs, Median = 4.272 μs, Q3 = 4.272 μs, Max = 4.273 μs
IQR = 0.101 μs, LowerFence = 4.020 μs, UpperFence = 4.424 μs
ConfidenceInterval = [2.089 μs; 6.322 μs] (CI 99.9%), Margin = 2.116 μs (50.32% of Mean)
Skewness = -0.38, Kurtosis = 0.67, MValue = 2

// ** Remained 2 (40.0%) benchmark(s) to run. Estimated finish 2026-08-22 10:19 (0h 0m from now) **
Setup power plan (GUID: 8c5e7fda-e8bf-4a96-9a85-a6e23a8c635c FriendlyName: High performance)
// **************************
// Benchmark: TrajectoryBenchmarks.SerializeRoundTrip: ShortRun(IterationCount=3, LaunchCount=1, WarmupCount=3)
// *** Execute ***
// Launch: 1 / 1
// Execute: dotnet Emissary.Benchmarks-ShortRun-1.dll --anonymousPipes 2168 2008 --benchmarkName Emissary.Benchmarks.TrajectoryBenchmarks.SerializeRoundTrip --job ShortRun --benchmarkId 3 in C:\OpenSource\Emissary\benchmarks\Emissary.Benchmarks\bin\Release\net10.0\Emissary.Benchmarks-ShortRun-1\bin\Release\net10.0
// BeforeAnythingElse

// Benchmark Process Environment Information:
// BenchmarkDotNet v0.15.8
// Runtime=.NET 10.0.11 (10.0.11, 10.0.1126.37416), X64 RyuJIT x86-64-v3
// GC=Concurrent Workstation
// HardwareIntrinsics=AVX2+BMI1+BMI2+F16C+FMA+LZCNT+MOVBE,AVX,SSE3+SSSE3+SSE4.1+SSE4.2+POPCNT,X86Base+SSE+SSE2,AES+PCLMUL,AvxVnni,SERIALIZE VectorSize=256
// Job: ShortRun(IterationCount=3, LaunchCount=1, WarmupCount=3)

OverheadJitting  1: 1 op, 166000.00 ns, 166.0000 us/op
WorkloadJitting  1: 1 op, 8327200.00 ns, 8.3272 ms/op

OverheadJitting  2: 16 op, 356100.00 ns, 22.2563 us/op
WorkloadJitting  2: 16 op, 1305200.00 ns, 81.5750 us/op

WorkloadPilot    1: 16 op, 835200.00 ns, 52.2000 us/op
WorkloadPilot    2: 32 op, 1764200.00 ns, 55.1313 us/op
WorkloadPilot    3: 64 op, 3473900.00 ns, 54.2797 us/op
WorkloadPilot    4: 128 op, 7098400.00 ns, 55.4563 us/op
WorkloadPilot    5: 256 op, 13421900.00 ns, 52.4293 us/op
WorkloadPilot    6: 512 op, 26475200.00 ns, 51.7094 us/op
WorkloadPilot    7: 1024 op, 53642900.00 ns, 52.3856 us/op
WorkloadPilot    8: 2048 op, 128577200.00 ns, 62.7818 us/op
WorkloadPilot    9: 4096 op, 209794800.00 ns, 51.2194 us/op
WorkloadPilot   10: 8192 op, 379438700.00 ns, 46.3182 us/op
WorkloadPilot   11: 16384 op, 732453600.00 ns, 44.7054 us/op

OverheadWarmup   1: 16384 op, 62300.00 ns, 3.8025 ns/op
OverheadWarmup   2: 16384 op, 61600.00 ns, 3.7598 ns/op
OverheadWarmup   3: 16384 op, 60900.00 ns, 3.7170 ns/op
OverheadWarmup   4: 16384 op, 60500.00 ns, 3.6926 ns/op
OverheadWarmup   5: 16384 op, 58400.00 ns, 3.5645 ns/op
OverheadWarmup   6: 16384 op, 60100.00 ns, 3.6682 ns/op
OverheadWarmup   7: 16384 op, 60700.00 ns, 3.7048 ns/op
OverheadWarmup   8: 16384 op, 61600.00 ns, 3.7598 ns/op
OverheadWarmup   9: 16384 op, 58000.00 ns, 3.5400 ns/op
OverheadWarmup  10: 16384 op, 64100.00 ns, 3.9124 ns/op

OverheadActual   1: 16384 op, 61100.00 ns, 3.7292 ns/op
OverheadActual   2: 16384 op, 60700.00 ns, 3.7048 ns/op
OverheadActual   3: 16384 op, 58200.00 ns, 3.5522 ns/op
OverheadActual   4: 16384 op, 57800.00 ns, 3.5278 ns/op
OverheadActual   5: 16384 op, 56500.00 ns, 3.4485 ns/op
OverheadActual   6: 16384 op, 56800.00 ns, 3.4668 ns/op
OverheadActual   7: 16384 op, 59600.00 ns, 3.6377 ns/op
OverheadActual   8: 16384 op, 59500.00 ns, 3.6316 ns/op
OverheadActual   9: 16384 op, 57300.00 ns, 3.4973 ns/op
OverheadActual  10: 16384 op, 57500.00 ns, 3.5095 ns/op
OverheadActual  11: 16384 op, 60900.00 ns, 3.7170 ns/op
OverheadActual  12: 16384 op, 54400.00 ns, 3.3203 ns/op
OverheadActual  13: 16384 op, 56400.00 ns, 3.4424 ns/op
OverheadActual  14: 16384 op, 54400.00 ns, 3.3203 ns/op
OverheadActual  15: 16384 op, 61900.00 ns, 3.7781 ns/op

WorkloadWarmup   1: 16384 op, 350910500.00 ns, 21.4179 us/op
WorkloadWarmup   2: 16384 op, 229496200.00 ns, 14.0073 us/op
WorkloadWarmup   3: 16384 op, 217155100.00 ns, 13.2541 us/op

// BeforeActualRun
WorkloadActual   1: 16384 op, 200304400.00 ns, 12.2256 us/op
WorkloadActual   2: 16384 op, 192626300.00 ns, 11.7570 us/op
WorkloadActual   3: 16384 op, 197028200.00 ns, 12.0256 us/op

// AfterActualRun
WorkloadResult   1: 16384 op, 200246600.00 ns, 12.2221 us/op
WorkloadResult   2: 16384 op, 192568500.00 ns, 11.7534 us/op
WorkloadResult   3: 16384 op, 196970400.00 ns, 12.0221 us/op
// GC:  16 0 0 203554816 16384
// Threading:  0 0 16384

// AfterAll
// Benchmark Process 30992 has exited with code 0.

Mean = 11.999 μs, StdErr = 0.136 μs (1.13%), N = 3, StdDev = 0.235 μs
Min = 11.753 μs, Q1 = 11.888 μs, Median = 12.022 μs, Q3 = 12.122 μs, Max = 12.222 μs
IQR = 0.234 μs, LowerFence = 11.536 μs, UpperFence = 12.474 μs
ConfidenceInterval = [7.709 μs; 16.289 μs] (CI 99.9%), Margin = 4.290 μs (35.75% of Mean)
Skewness = -0.1, Kurtosis = 0.67, MValue = 2

// ** Remained 1 (20.0%) benchmark(s) to run. Estimated finish 2026-08-22 10:19 (0h 0m from now) **
Setup power plan (GUID: 8c5e7fda-e8bf-4a96-9a85-a6e23a8c635c FriendlyName: High performance)
// **************************
// Benchmark: TrajectoryBenchmarks.Deserialize: ShortRun(IterationCount=3, LaunchCount=1, WarmupCount=3)
// *** Execute ***
// Launch: 1 / 1
// Execute: dotnet Emissary.Benchmarks-ShortRun-1.dll --anonymousPipes 2404 2324 --benchmarkName Emissary.Benchmarks.TrajectoryBenchmarks.Deserialize --job ShortRun --benchmarkId 4 in C:\OpenSource\Emissary\benchmarks\Emissary.Benchmarks\bin\Release\net10.0\Emissary.Benchmarks-ShortRun-1\bin\Release\net10.0
// BeforeAnythingElse

// Benchmark Process Environment Information:
// BenchmarkDotNet v0.15.8
// Runtime=.NET 10.0.11 (10.0.11, 10.0.1126.37416), X64 RyuJIT x86-64-v3
// GC=Concurrent Workstation
// HardwareIntrinsics=AVX2+BMI1+BMI2+F16C+FMA+LZCNT+MOVBE,AVX,SSE3+SSSE3+SSE4.1+SSE4.2+POPCNT,X86Base+SSE+SSE2,AES+PCLMUL,AvxVnni,SERIALIZE VectorSize=256
// Job: ShortRun(IterationCount=3, LaunchCount=1, WarmupCount=3)

OverheadJitting  1: 1 op, 165100.00 ns, 165.1000 us/op
WorkloadJitting  1: 1 op, 8239700.00 ns, 8.2397 ms/op

OverheadJitting  2: 16 op, 363700.00 ns, 22.7313 us/op
WorkloadJitting  2: 16 op, 1098900.00 ns, 68.6813 us/op

WorkloadPilot    1: 16 op, 640200.00 ns, 40.0125 us/op
WorkloadPilot    2: 32 op, 1286900.00 ns, 40.2156 us/op
WorkloadPilot    3: 64 op, 2428900.00 ns, 37.9516 us/op
WorkloadPilot    4: 128 op, 4899600.00 ns, 38.2781 us/op
WorkloadPilot    5: 256 op, 9978600.00 ns, 38.9789 us/op
WorkloadPilot    6: 512 op, 19503000.00 ns, 38.0918 us/op
WorkloadPilot    7: 1024 op, 37749700.00 ns, 36.8649 us/op
WorkloadPilot    8: 2048 op, 83946600.00 ns, 40.9896 us/op
WorkloadPilot    9: 4096 op, 172099300.00 ns, 42.0164 us/op
WorkloadPilot   10: 8192 op, 258849400.00 ns, 31.5978 us/op
WorkloadPilot   11: 16384 op, 414727000.00 ns, 25.3129 us/op
WorkloadPilot   12: 32768 op, 268699200.00 ns, 8.2000 us/op
WorkloadPilot   13: 65536 op, 544653600.00 ns, 8.3108 us/op

OverheadWarmup   1: 65536 op, 245800.00 ns, 3.7506 ns/op
OverheadWarmup   2: 65536 op, 247100.00 ns, 3.7704 ns/op
OverheadWarmup   3: 65536 op, 249200.00 ns, 3.8025 ns/op
OverheadWarmup   4: 65536 op, 244600.00 ns, 3.7323 ns/op
OverheadWarmup   5: 65536 op, 240500.00 ns, 3.6697 ns/op
OverheadWarmup   6: 65536 op, 246600.00 ns, 3.7628 ns/op
OverheadWarmup   7: 65536 op, 242700.00 ns, 3.7033 ns/op

OverheadActual   1: 65536 op, 252000.00 ns, 3.8452 ns/op
OverheadActual   2: 65536 op, 239900.00 ns, 3.6606 ns/op
OverheadActual   3: 65536 op, 251700.00 ns, 3.8406 ns/op
OverheadActual   4: 65536 op, 235600.00 ns, 3.5950 ns/op
OverheadActual   5: 65536 op, 240600.00 ns, 3.6713 ns/op
OverheadActual   6: 65536 op, 231200.00 ns, 3.5278 ns/op
OverheadActual   7: 65536 op, 249400.00 ns, 3.8055 ns/op
OverheadActual   8: 65536 op, 217400.00 ns, 3.3173 ns/op
OverheadActual   9: 65536 op, 216000.00 ns, 3.2959 ns/op
OverheadActual  10: 65536 op, 223400.00 ns, 3.4088 ns/op
OverheadActual  11: 65536 op, 238300.00 ns, 3.6362 ns/op
OverheadActual  12: 65536 op, 235700.00 ns, 3.5965 ns/op
OverheadActual  13: 65536 op, 269000.00 ns, 4.1046 ns/op
OverheadActual  14: 65536 op, 242200.00 ns, 3.6957 ns/op
OverheadActual  15: 65536 op, 254700.00 ns, 3.8864 ns/op
OverheadActual  16: 65536 op, 263500.00 ns, 4.0207 ns/op
OverheadActual  17: 65536 op, 242800.00 ns, 3.7048 ns/op
OverheadActual  18: 65536 op, 239700.00 ns, 3.6575 ns/op
OverheadActual  19: 65536 op, 232300.00 ns, 3.5446 ns/op
OverheadActual  20: 65536 op, 232200.00 ns, 3.5431 ns/op

WorkloadWarmup   1: 65536 op, 565432200.00 ns, 8.6278 us/op
WorkloadWarmup   2: 65536 op, 556546900.00 ns, 8.4922 us/op
WorkloadWarmup   3: 65536 op, 539821900.00 ns, 8.2370 us/op

// BeforeActualRun
WorkloadActual   1: 65536 op, 555777100.00 ns, 8.4805 us/op
WorkloadActual   2: 65536 op, 536690000.00 ns, 8.1892 us/op
WorkloadActual   3: 65536 op, 544615400.00 ns, 8.3102 us/op

// AfterActualRun
WorkloadResult   1: 65536 op, 555537300.00 ns, 8.4768 us/op
WorkloadResult   2: 65536 op, 536450200.00 ns, 8.1856 us/op
WorkloadResult   3: 65536 op, 544375600.00 ns, 8.3065 us/op
// GC:  31 0 0 394788864 65536
// Threading:  0 0 65536

// AfterAll
// Benchmark Process 38388 has exited with code 0.

Mean = 8.323 μs, StdErr = 0.084 μs (1.01%), N = 3, StdDev = 0.146 μs
Min = 8.186 μs, Q1 = 8.246 μs, Median = 8.307 μs, Q3 = 8.392 μs, Max = 8.477 μs
IQR = 0.146 μs, LowerFence = 8.028 μs, UpperFence = 8.610 μs
ConfidenceInterval = [5.654 μs; 10.992 μs] (CI 99.9%), Margin = 2.669 μs (32.07% of Mean)
Skewness = 0.11, Kurtosis = 0.67, MValue = 2

// ** Remained 0 (0.0%) benchmark(s) to run. Estimated finish 2026-08-22 10:19 (0h 0m from now) **
Successfully reverted power plan (GUID: 8c5e7fda-e8bf-4a96-9a85-a6e23a8c635c FriendlyName: High performance)
// ***** BenchmarkRunner: Finish  *****

// * Export *
  BenchmarkDotNet.Artifacts\results\Emissary.Benchmarks.TrajectoryBenchmarks-report.csv
  BenchmarkDotNet.Artifacts\results\Emissary.Benchmarks.TrajectoryBenchmarks-report-github.md
  BenchmarkDotNet.Artifacts\results\Emissary.Benchmarks.TrajectoryBenchmarks-report.html

// * Detailed results *
TrajectoryBenchmarks.ReplayToolLoopRun: ShortRun(IterationCount=3, LaunchCount=1, WarmupCount=3)
Runtime = .NET 10.0.11 (10.0.11, 10.0.1126.37416), X64 RyuJIT x86-64-v3; GC = Concurrent Workstation
Mean = 4.206 μs, StdErr = 0.067 μs (1.59%), N = 3, StdDev = 0.116 μs
Min = 4.072 μs, Q1 = 4.172 μs, Median = 4.272 μs, Q3 = 4.272 μs, Max = 4.273 μs
IQR = 0.101 μs, LowerFence = 4.020 μs, UpperFence = 4.424 μs
ConfidenceInterval = [2.089 μs; 6.322 μs] (CI 99.9%), Margin = 2.116 μs (50.32% of Mean)
Skewness = -0.38, Kurtosis = 0.67, MValue = 2
-------------------- Histogram --------------------
[4.067 μs ; 4.278 μs) | @@@
---------------------------------------------------

TrajectoryBenchmarks.SerializeRoundTrip: ShortRun(IterationCount=3, LaunchCount=1, WarmupCount=3)
Runtime = .NET 10.0.11 (10.0.11, 10.0.1126.37416), X64 RyuJIT x86-64-v3; GC = Concurrent Workstation
Mean = 11.999 μs, StdErr = 0.136 μs (1.13%), N = 3, StdDev = 0.235 μs
Min = 11.753 μs, Q1 = 11.888 μs, Median = 12.022 μs, Q3 = 12.122 μs, Max = 12.222 μs
IQR = 0.234 μs, LowerFence = 11.536 μs, UpperFence = 12.474 μs
ConfidenceInterval = [7.709 μs; 16.289 μs] (CI 99.9%), Margin = 4.290 μs (35.75% of Mean)
Skewness = -0.1, Kurtosis = 0.67, MValue = 2
-------------------- Histogram --------------------
[11.539 μs ; 11.908 μs) | @
[11.908 μs ; 12.336 μs) | @@
---------------------------------------------------

TrajectoryBenchmarks.Deserialize: ShortRun(IterationCount=3, LaunchCount=1, WarmupCount=3)
Runtime = .NET 10.0.11 (10.0.11, 10.0.1126.37416), X64 RyuJIT x86-64-v3; GC = Concurrent Workstation
Mean = 8.323 μs, StdErr = 0.084 μs (1.01%), N = 3, StdDev = 0.146 μs
Min = 8.186 μs, Q1 = 8.246 μs, Median = 8.307 μs, Q3 = 8.392 μs, Max = 8.477 μs
IQR = 0.146 μs, LowerFence = 8.028 μs, UpperFence = 8.610 μs
ConfidenceInterval = [5.654 μs; 10.992 μs] (CI 99.9%), Margin = 2.669 μs (32.07% of Mean)
Skewness = 0.11, Kurtosis = 0.67, MValue = 2
-------------------- Histogram --------------------
[8.113 μs ; 8.379 μs) | @@
[8.379 μs ; 8.610 μs) | @
---------------------------------------------------

// * Summary *

BenchmarkDotNet v0.15.8, Windows 11 (10.0.26200.9168/25H2/2025Update/HudsonValley2)
12th Gen Intel Core i7-12800H 2.40GHz, 1 CPU, 20 logical and 14 physical cores
.NET SDK 10.0.400
  [Host]   : .NET 10.0.11 (10.0.11, 10.0.1126.37416), X64 RyuJIT x86-64-v3
  ShortRun : .NET 10.0.11 (10.0.11, 10.0.1126.37416), X64 RyuJIT x86-64-v3

Job=ShortRun  IterationCount=3  LaunchCount=1  
WarmupCount=3  

| Method             | Mean      | Error    | StdDev    | Gen0   | Allocated |
|------------------- |----------:|---------:|----------:|-------:|----------:|
| ReplayToolLoopRun  |  4.206 μs | 2.116 μs | 0.1160 μs | 0.4425 |   5.42 KB |
| SerializeRoundTrip | 11.999 μs | 4.290 μs | 0.2352 μs | 0.9766 |  12.13 KB |
| Deserialize        |  8.323 μs | 2.669 μs | 0.1463 μs | 0.4730 |   5.88 KB |

// * Legends *
  Mean      : Arithmetic mean of all measurements
  Error     : Half of 99.9% confidence interval
  StdDev    : Standard deviation of all measurements
  Gen0      : GC Generation 0 collects per 1000 operations
  Allocated : Allocated memory per single operation (managed only, inclusive, 1KB = 1024B)
  1 μs      : 1 Microsecond (0.000001 sec)

// * Diagnostic Output - MemoryDiagnoser *


// ***** BenchmarkRunner: End *****
Run time: 00:00:16 (16.42 sec), executed benchmarks: 3

Global total time: 00:01:06 (66.03 sec), executed benchmarks: 5
// * Artifacts cleanup *
Artifacts cleanup is finished
